// Jest Snapshot v1, https://goo.gl/fbAQLP

exports[`<BoolField> - renders an input with correct disabled state 1`] = `
<input
  aria-invalid="false"
  class="pf-c-check__input"
  data-ouia-component-id="OUIA-Generated-Checkbox-6"
  data-ouia-component-type="PF4/Checkbox"
  data-ouia-safe="true"
  data-testid="bool-field"
  id="uniforms-0000-0005"
  name="x"
  type="checkbox"
/>
`;
